../Core/Src/main.c:76:6:DrawCircle	16	static
../Core/Src/main.c:80:6:IsInsideCircle	16	static
../Core/Src/main.c:90:5:main	72	static
../Core/Src/main.c:201:6:SystemClock_Config	88	static
../Core/Src/main.c:254:13:MX_DMA2D_Init	8	static
../Core/Src/main.c:291:13:MX_I2C3_Init	8	static
../Core/Src/main.c:339:13:MX_LTDC_Init	112	static
../Core/Src/main.c:421:13:MX_SPI5_Init	8	static
../Core/Src/main.c:455:13:MX_FMC_Init	40	static
../Core/Src/main.c:506:13:MX_GPIO_Init	40	static
../Core/Src/main.c:533:6:Error_Handler	4	static,ignoring_inline_asm
